Executing action: all (aliases: build)
Running ninja in directory 'D:\Embedded\Aircraft project\build'
Executing "ninja all"...
[1/6] Performing build step for 'bootloader'
[1/1] C:\WINDOWS\system32\cmd.exe /C "cd /D "D:\Embedded\Aircraft project\build\bootloader\esp-idf\esptool_py" && D:\Embedded\Espressif\python_env\idf5.1_py3.14_env\Scripts\python.exe D:/Embedded/Espressif/frameworks/esp-idf-v5.1.6/components/partition_table/check_sizes.py --offset 0x8000 bootloader 0x0 "D:/Embedded/Aircraft project/build/bootloader/bootloader.bin""
Bootloader binary size 0x51e0 bytes. 0x2e20 bytes (36%) free.
[2/6] No install step for 'bootloader'
[3/6] Completed 'bootloader'
[4/6] Linking CXX executable 02-demo.elf
FAILED: 02-demo.elf 
C:\WINDOWS\system32\cmd.exe /C "cd . && D:\Embedded\Espressif\tools\xtensa-esp32s3-elf\esp-12.2.0_20230208\xtensa-esp32s3-elf\bin\xtensa-esp32s3-elf-g++.exe -mlongcalls -Wl,--cref -Wl,--defsym=IDF_TARGET_ESP32S3=0 "-Wl,--Map=D:/Embedded/Aircraft project/build/02-demo.map" -Wl,--no-warn-rwx-segments -fno-rtti -fno-lto -Wl,--gc-sections -Wl,--warn-common -T esp32s3.peripherals.ld -T esp32s3.rom.ld -T esp32s3.rom.api.ld -T esp32s3.rom.bt_funcs.ld -T esp32s3.rom.libgcc.ld -T esp32s3.rom.newlib.ld -T esp32s3.rom.version.ld -T memory.ld -T sections.ld @CMakeFiles\02-demo.elf.rsp -o 02-demo.elf && cd ."
d:/embedded/espressif/tools/xtensa-esp32s3-elf/esp-12.2.0_20230208/xtensa-esp32s3-elf/bin/../lib/gcc/xtensa-esp32s3-elf/12.2.0/../../../../xtensa-esp32s3-elf/bin/ld.exe: esp-idf/main/libmain.a(main.c.obj):(.literal.app_main+0x0): undefined reference to `gImage_image01'
collect2.exe: error: ld returned 1 exit status
ninja: build stopped: subcommand failed.
ninja failed with exit code 1, output of the command is in the D:\Embedded\Aircraft project\build\log\idf_py_stderr_output_27308 and D:\Embedded\Aircraft project\build\log\idf_py_stdout_output_27308
